// Jest Snapshot v1, https://goo.gl/fbAQLP

exports[`PayloadReact expect state to be updated with Payload when window.Payload exists 1`] = `
[MockFunction] {
  "calls": [
    [
      {
        "form": <form
          pl-form="payment"
        >
          <button
            type="submit"
          >
            Submit Payment
          </button>
        </form>,
      },
    ],
  ],
  "results": [
    {
      "type": "return",
      "value": {
        "on": [MockFunction] {
          "calls": [
            [
              "processing",
              [Function],
            ],
            [
              "processed",
              [Function],
            ],
            [
              "authorized",
              [Function],
            ],
            [
              "error",
              [Function],
            ],
            [
              "declined",
              [Function],
            ],
            [
              "created",
              [Function],
            ],
            [
              "success",
              [Function],
            ],
            [
              "invalid",
              [Function],
            ],
            [
              "valid",
              [Function],
            ],
            [
              "focus",
              [Function],
            ],
            [
              "blur",
              [Function],
            ],
            [
              "change",
              [Function],
            ],
          ],
          "results": [
            {
              "type": "return",
              "value": undefined,
            },
            {
              "type": "return",
              "value": undefined,
            },
            {
              "type": "return",
              "value": undefined,
            },
            {
              "type": "return",
              "value": undefined,
            },
            {
              "type": "return",
              "value": undefined,
            },
            {
              "type": "return",
              "value": undefined,
            },
            {
              "type": "return",
              "value": undefined,
            },
            {
              "type": "return",
              "value": undefined,
            },
            {
              "type": "return",
              "value": undefined,
            },
            {
              "type": "return",
              "value": undefined,
            },
            {
              "type": "return",
              "value": undefined,
            },
            {
              "type": "return",
              "value": undefined,
            },
          ],
        },
        "params": {
          "form": <form
            pl-form="payment"
          >
            <button
              type="submit"
            >
              Submit Payment
            </button>
          </form>,
        },
        "submit": [MockFunction],
      },
    },
  ],
}
`;
